// Jest Snapshot v1, https://goo.gl/fbAQLP

exports[`CenterView renders correctly 1`] = `
<View
  style={
    Array [
      undefined,
      Object {
        "alignItems": "center",
        "flex": 1,
        "justifyContent": "center",
      },
    ]
  }
>
  <Text>
    Mock Text Component
  </Text>
</View>
`;
